test_checkpoint_selection_and_fixed_score (test_balanced64.Balanced64ApiTests) ... ok
test_public_generation_binds_checkpoint_identity (test_balanced64.Balanced64ApiTests) ... ok
test_api_receipt_provenance_and_resident_guards (test_memory_fit_policy.MemoryFitPolicyTests) ... ok
test_default_four_gib_reserve_rejects_when_margin_is_insufficient (test_memory_fit_policy.MemoryFitPolicyTests) ... ok
test_explicit_bounded_rank_local_reserve_accepts_positive_margin (test_memory_fit_policy.MemoryFitPolicyTests) ... ok
test_explicit_rank_local_reserve_rejects_insufficient_margin (test_memory_fit_policy.MemoryFitPolicyTests) ... ok
test_rank_local_policy_rejects_missing_or_nonpositive_reserve (test_memory_fit_policy.MemoryFitPolicyTests) ... ok
test_alternate_pre_is_quarantine_only_for_canonical_lane (test_official_k2_resident_score.OfficialK2ResidentScoreTests) ... ok
test_api_score_rejects_alternate_pre_even_when_backend_is_declared (test_official_k2_resident_score.OfficialK2ResidentScoreTests) ... ok
test_api_score_routes_declared_official_backend_without_opt_in (test_official_k2_resident_score.OfficialK2ResidentScoreTests) ... ok
test_canonical_raw_u0_adapter_passes_without_embedded_identity_fields (test_official_k2_resident_score.OfficialK2ResidentScoreTests) ... ok
test_canonical_raw_u0_adapter_rejects_sha_path_lock_and_basis_drift (test_official_k2_resident_score.OfficialK2ResidentScoreTests) ... ok
test_canonical_u0_is_admitted_without_serialized_pre_calibration (test_official_k2_resident_score.OfficialK2ResidentScoreTests) ... ok
test_canonical_u1_requires_immediate_canonical_u0_parent (test_official_k2_resident_score.OfficialK2ResidentScoreTests) ... ok
test_payload_identity_is_bound_before_resident_construction (test_official_k2_resident_score.OfficialK2ResidentScoreTests) ... ok
test_production_standalone_builder_runners_are_hard_rejected (test_official_k2_resident_score.OfficialK2ResidentScoreTests) ... ok
test_resident_backend_rejects_streaming_fallback_configuration (test_official_k2_resident_score.OfficialK2ResidentScoreTests) ... ok
test_score_routed_k2_accepts_exact_closure_and_emits_resident_receipt (test_official_k2_resident_score.OfficialK2ResidentScoreTests) ... ok
test_score_routed_k2_rejects_any_sealed_identity_drift (test_official_k2_resident_score.OfficialK2ResidentScoreTests) ... ok
test_supported_production_entrypoints_install_the_hard_guard (test_official_k2_resident_score.OfficialK2ResidentScoreTests) ... ok
test_u3_plus_requires_pre_calibration_and_preregistered_question (test_official_k2_resident_score.OfficialK2ResidentScoreTests) ... ok
test_fresh_optimizer_parameter_groups_are_metadata_not_state (test_raw_u0_optimizer_gate.CanonicalRawU0OptimizerGateTests) ... ok
test_nonempty_optimizer_state_is_rejected (test_raw_u0_optimizer_gate.CanonicalRawU0OptimizerGateTests) ... ok
test_nonzero_declared_optimizer_state_entries_are_rejected (test_raw_u0_optimizer_gate.CanonicalRawU0OptimizerGateTests) ... ok
test_checkpoint_sha_mismatch_is_rejected (test_resident_api.ResidentApiTests) ... ok
test_clean_u0_replay_rejects_raw_command_and_missing_true_inputs (test_resident_api.ResidentApiTests) ... ok
test_continuation_rejects_artifact_root_not_consumed_by_materializer (test_resident_api.ResidentApiTests) ... ok
test_continue_to_selects_u64_milestone_after_u16 (test_resident_api.ResidentApiTests) ... ok
test_durable_milestones_have_paths_manifest_shas_and_readback (test_resident_api.ResidentApiTests) ... ok
test_legacy_fixture_continuation_is_rejected (test_resident_api.ResidentApiTests) ... ok
test_materialize_candidates_requires_real_two_rank_lineage_and_scores_all_milestones (test_resident_api.ResidentApiTests) ... ok
test_materialize_rejects_receipt_only_state_when_file_is_missing (test_resident_api.ResidentApiTests) ... ok
test_missing_scientific_identity_is_rejected (test_resident_api.ResidentApiTests) ... ok
test_partial_resident_artifact_is_rejected_before_scoring (test_resident_api.ResidentApiTests) ... ok
test_real_forward_is_not_constant_target_mse_or_state_hash_bump (test_resident_api.ResidentApiTests) ... ok
test_real_two_spark_requires_official_resident_inputs_not_state_surrogate (test_resident_api.ResidentApiTests) ... ok
test_resident_accepts_real_root_teacher_padding_beyond_scored_positions (test_resident_api.ResidentApiTests) ... ok
test_resident_facade_caches_rows_and_emits_identity_receipt (test_resident_api.ResidentApiTests) ... ok
test_resume_compare_requires_checkpoint_pair_binding (test_resident_api.ResidentApiTests) ... ok
test_resume_compare_returns_bound_pair (test_resident_api.ResidentApiTests) ... ok
test_resume_equivalence_is_u0_to_u4_with_one_u2_reload (test_resident_api.ResidentApiTests) ... ok
test_resume_equivalence_rejects_vacuous_midpoint (test_resident_api.ResidentApiTests) ... ok
test_second_rank_reuses_files_and_merges_rank_provenance (test_resident_api.ResidentApiTests) ... ok
test_teacher_inventory_is_derived_for_legacy_real_root_manifest (test_resident_api.ResidentApiTests) ... ok
test_true_clean_u0_replay_runs_exact_updates_and_emits_receipt (test_resident_api.ResidentApiTests) ... ok
test_two_spark_continuation_requires_explicit_resident_two_rank_config (test_resident_api.ResidentApiTests) ... ok

----------------------------------------------------------------------
Ran 46 tests in 34.765s

OK
