test_alternate_pre_is_quarantine_only_for_canonical_lane (repair_api.tests.test_official_k2_resident_score.OfficialK2ResidentScoreTests) ... ok
test_api_score_rejects_alternate_pre_even_when_backend_is_declared (repair_api.tests.test_official_k2_resident_score.OfficialK2ResidentScoreTests) ... ok
test_api_score_routes_declared_official_backend_without_opt_in (repair_api.tests.test_official_k2_resident_score.OfficialK2ResidentScoreTests) ... ok
test_canonical_input_identities_are_distinct_and_frozen (repair_api.tests.test_official_k2_resident_score.OfficialK2ResidentScoreTests) ... ok
test_canonical_raw_u0_adapter_passes_without_embedded_identity_fields (repair_api.tests.test_official_k2_resident_score.OfficialK2ResidentScoreTests) ... ok
test_canonical_raw_u0_adapter_rejects_sha_path_lock_and_basis_drift (repair_api.tests.test_official_k2_resident_score.OfficialK2ResidentScoreTests) ... ok
test_canonical_raw_u1_adapter_binds_manifest_parent_and_embedded_source_identity (repair_api.tests.test_official_k2_resident_score.OfficialK2ResidentScoreTests) ... ok
test_canonical_raw_u1_is_adapted_before_payload_identity_validation (repair_api.tests.test_official_k2_resident_score.OfficialK2ResidentScoreTests) ... ok
test_canonical_score_preserves_2048_context_and_pads_short_rows (repair_api.tests.test_official_k2_resident_score.OfficialK2ResidentScoreTests) ... ok
test_canonical_u0_requires_unskippable_calibration (repair_api.tests.test_official_k2_resident_score.OfficialK2ResidentScoreTests) ... ok
test_canonical_u1_requires_immediate_canonical_u0_parent (repair_api.tests.test_official_k2_resident_score.OfficialK2ResidentScoreTests) ... ok
test_causal_mask_is_fresh_per_window_not_cached_after_cache_mutation (repair_api.tests.test_official_k2_resident_score.OfficialK2ResidentScoreTests) ... ok
test_cold_load_gate_rejects_stale_generation_and_releases_rank1_after_rank0_prune (repair_api.tests.test_official_k2_resident_score.OfficialK2ResidentScoreTests) ... ok
test_full_prefill_matches_sealed_dynamic_cache_semantics (repair_api.tests.test_official_k2_resident_score.OfficialK2ResidentScoreTests) ... ok
test_host_local_shared_cuda_device_uses_gloo_control_group (repair_api.tests.test_official_k2_resident_score.OfficialK2ResidentScoreTests) ... ok
test_loading_status_incrementally_prunes_only_the_fully_loaded_parent_layer (repair_api.tests.test_official_k2_resident_score.OfficialK2ResidentScoreTests) ... ok
test_memory_preflight_credits_only_task_local_prunable_cold_sources (repair_api.tests.test_official_k2_resident_score.OfficialK2ResidentScoreTests) ... ok
test_payload_identity_is_bound_before_resident_construction (repair_api.tests.test_official_k2_resident_score.OfficialK2ResidentScoreTests) ... ok
test_positional_state_is_fresh_and_cache_coupled_like_sealed_builder (repair_api.tests.test_official_k2_resident_score.OfficialK2ResidentScoreTests) ... ok
test_production_standalone_builder_runners_are_hard_rejected (repair_api.tests.test_official_k2_resident_score.OfficialK2ResidentScoreTests) ... ok
test_prune_loaded_parent_members_is_root_bound_and_skips_l034 (repair_api.tests.test_official_k2_resident_score.OfficialK2ResidentScoreTests) ... ok
test_public_parity_current_layer0_matches_sealed_eager_reference (repair_api.tests.test_official_k2_resident_score.OfficialK2ResidentScoreTests) ... ok
test_public_parity_tap_has_exact_tensor_schema_and_is_diagnostic_only (repair_api.tests.test_official_k2_resident_score.OfficialK2ResidentScoreTests) ... ok
test_public_parity_tap_is_repeatable_with_fresh_diagnostic_backend (repair_api.tests.test_official_k2_resident_score.OfficialK2ResidentScoreTests) ... ok
test_public_parity_tap_rejects_non_numeric_or_nonfinite_samples (repair_api.tests.test_official_k2_resident_score.OfficialK2ResidentScoreTests) ... ok
test_public_parity_tap_rejects_non_scalar_windows_before_backend (repair_api.tests.test_official_k2_resident_score.OfficialK2ResidentScoreTests) ... ok
test_public_parity_tap_rolls_back_promotion_state_mutation (repair_api.tests.test_official_k2_resident_score.OfficialK2ResidentScoreTests) ... ok
test_rank0_tcpstore_listener_is_armed_before_heavy_resident_load (repair_api.tests.test_official_k2_resident_score.OfficialK2ResidentScoreTests) ... ok
test_raw_u0_payload_retains_immutable_lock_corpus_identity (repair_api.tests.test_official_k2_resident_score.OfficialK2ResidentScoreTests) ... ok
test_resident_backend_rejects_streaming_fallback_configuration (repair_api.tests.test_official_k2_resident_score.OfficialK2ResidentScoreTests) ... ok
test_score_cli_routes_exact_pre_post_through_public_routed_method (repair_api.tests.test_official_k2_resident_score.OfficialK2ResidentScoreTests) ... ok
test_score_publishes_per_window_hot_path_progress (repair_api.tests.test_official_k2_resident_score.OfficialK2ResidentScoreTests) ... ok
test_score_resume_round_trips_exact_binary64_terms_before_next_attempt (repair_api.tests.test_official_k2_resident_score.OfficialK2ResidentScoreTests) ... ok
test_score_resumes_at_next_window_and_reduces_saved_terms_in_order (repair_api.tests.test_official_k2_resident_score.OfficialK2ResidentScoreTests) ... ok
test_score_routed_k2_accepts_exact_closure_and_emits_resident_receipt (repair_api.tests.test_official_k2_resident_score.OfficialK2ResidentScoreTests) ... ok
test_score_routed_k2_rejects_any_sealed_identity_drift (repair_api.tests.test_official_k2_resident_score.OfficialK2ResidentScoreTests) ... ok
test_shared_cuda_device_transport_uses_ipc_descriptor_not_dist_send (repair_api.tests.test_official_k2_resident_score.OfficialK2ResidentScoreTests) ... ok
test_shared_device_score_batches_four_independent_windows_for_weight_reuse (repair_api.tests.test_official_k2_resident_score.OfficialK2ResidentScoreTests) ... ok
test_shared_device_score_pipelines_resident_rank_halves (repair_api.tests.test_official_k2_resident_score.OfficialK2ResidentScoreTests) ... ok
test_supported_production_entrypoints_install_the_hard_guard (repair_api.tests.test_official_k2_resident_score.OfficialK2ResidentScoreTests) ... ok
test_tensor_tap_hash_and_bf16_sample_are_deterministic_and_bounded (repair_api.tests.test_official_k2_resident_score.OfficialK2ResidentScoreTests) ... ok
test_two_host_route_requires_explicit_qsfp_pin (repair_api.tests.test_official_k2_resident_score.OfficialK2ResidentScoreTests) ... ok
test_u3_plus_requires_pre_calibration_and_preregistered_question (repair_api.tests.test_official_k2_resident_score.OfficialK2ResidentScoreTests) ... ok

----------------------------------------------------------------------
Ran 43 tests in 0.178s

OK
