test_checkpoint_selection_and_fixed_score (test_balanced64.Balanced64ApiTests.test_checkpoint_selection_and_fixed_score) ... ok
test_public_generation_binds_checkpoint_identity (test_balanced64.Balanced64ApiTests.test_public_generation_binds_checkpoint_identity) ... ok
test_api_score_routes_declared_official_backend_without_opt_in (test_official_k2_resident_score.OfficialK2ResidentScoreTests.test_api_score_routes_declared_official_backend_without_opt_in) ... ok
test_payload_identity_is_bound_before_resident_construction (test_official_k2_resident_score.OfficialK2ResidentScoreTests.test_payload_identity_is_bound_before_resident_construction) ... ok
test_pre_calibration_is_exact_and_mismatch_is_quarantined (test_official_k2_resident_score.OfficialK2ResidentScoreTests.test_pre_calibration_is_exact_and_mismatch_is_quarantined) ... ok
test_production_standalone_builder_runners_are_hard_rejected (test_official_k2_resident_score.OfficialK2ResidentScoreTests.test_production_standalone_builder_runners_are_hard_rejected) ... ok
test_resident_backend_rejects_streaming_fallback_configuration (test_official_k2_resident_score.OfficialK2ResidentScoreTests.test_resident_backend_rejects_streaming_fallback_configuration) ... ok
test_supported_production_entrypoints_install_the_hard_guard (test_official_k2_resident_score.OfficialK2ResidentScoreTests.test_supported_production_entrypoints_install_the_hard_guard) ... ok
test_u3_plus_requires_pre_calibration_and_preregistered_question (test_official_k2_resident_score.OfficialK2ResidentScoreTests.test_u3_plus_requires_pre_calibration_and_preregistered_question) ... ok
test_checkpoint_sha_mismatch_is_rejected (test_resident_api.ResidentApiTests.test_checkpoint_sha_mismatch_is_rejected) ... ok
test_clean_u0_replay_rejects_raw_command_and_missing_true_inputs (test_resident_api.ResidentApiTests.test_clean_u0_replay_rejects_raw_command_and_missing_true_inputs) ... ok
test_continuation_rejects_artifact_root_not_consumed_by_materializer (test_resident_api.ResidentApiTests.test_continuation_rejects_artifact_root_not_consumed_by_materializer) ... ok
test_continue_to_selects_u64_milestone_after_u16 (test_resident_api.ResidentApiTests.test_continue_to_selects_u64_milestone_after_u16) ... ok
test_durable_milestones_have_paths_manifest_shas_and_readback (test_resident_api.ResidentApiTests.test_durable_milestones_have_paths_manifest_shas_and_readback) ... ok
test_legacy_fixture_continuation_is_rejected (test_resident_api.ResidentApiTests.test_legacy_fixture_continuation_is_rejected) ... ok
test_materialize_candidates_requires_real_two_rank_lineage_and_scores_all_milestones (test_resident_api.ResidentApiTests.test_materialize_candidates_requires_real_two_rank_lineage_and_scores_all_milestones) ... ok
test_materialize_rejects_receipt_only_state_when_file_is_missing (test_resident_api.ResidentApiTests.test_materialize_rejects_receipt_only_state_when_file_is_missing) ... ok
test_missing_scientific_identity_is_rejected (test_resident_api.ResidentApiTests.test_missing_scientific_identity_is_rejected) ... ok
test_partial_resident_artifact_is_rejected_before_scoring (test_resident_api.ResidentApiTests.test_partial_resident_artifact_is_rejected_before_scoring) ... ok
test_real_forward_is_not_constant_target_mse_or_state_hash_bump (test_resident_api.ResidentApiTests.test_real_forward_is_not_constant_target_mse_or_state_hash_bump) ... ok
test_real_two_spark_requires_official_resident_inputs_not_state_surrogate (test_resident_api.ResidentApiTests.test_real_two_spark_requires_official_resident_inputs_not_state_surrogate) ... ok
test_resident_accepts_real_root_teacher_padding_beyond_scored_positions (test_resident_api.ResidentApiTests.test_resident_accepts_real_root_teacher_padding_beyond_scored_positions) ... ok
test_resident_facade_caches_rows_and_emits_identity_receipt (test_resident_api.ResidentApiTests.test_resident_facade_caches_rows_and_emits_identity_receipt) ... ok
test_resume_compare_requires_checkpoint_pair_binding (test_resident_api.ResidentApiTests.test_resume_compare_requires_checkpoint_pair_binding) ... ok
test_resume_compare_returns_bound_pair (test_resident_api.ResidentApiTests.test_resume_compare_returns_bound_pair) ... ok
test_second_rank_reuses_files_and_merges_rank_provenance (test_resident_api.ResidentApiTests.test_second_rank_reuses_files_and_merges_rank_provenance) ... ok
test_teacher_inventory_is_derived_for_legacy_real_root_manifest (test_resident_api.ResidentApiTests.test_teacher_inventory_is_derived_for_legacy_real_root_manifest) ... ok
test_true_clean_u0_replay_runs_exact_updates_and_emits_receipt (test_resident_api.ResidentApiTests.test_true_clean_u0_replay_runs_exact_updates_and_emits_receipt) ... ok
test_two_spark_continuation_requires_explicit_resident_two_rank_config (test_resident_api.ResidentApiTests.test_two_spark_continuation_requires_explicit_resident_two_rank_config) ... ok

----------------------------------------------------------------------
Ran 29 tests in 44.103s

OK
